// Jest Snapshot v1, https://goo.gl/fbAQLP

exports[`Testing the Featured page component renders without crashing 1`] = `
<styled.div>
  <styled.div>
    Make meaning. Share memes.
  </styled.div>
  <styled.div>
    Memeing Maker
  </styled.div>
  <styled.div>
    This Week’s Featured Memes
  </styled.div>
  <styled.div>
    <styled.div>
      <MemeCard
        src="meme.png"
      />
    </styled.div>
    <styled.div>
      <MemeCard
        src="meme1.png"
      />
    </styled.div>
    <styled.div>
      <MemeCard
        src="meme2.png"
      />
    </styled.div>
    <styled.div>
      <MemeCard
        src="meme3.png"
      />
    </styled.div>
    <styled.div>
      <MemeCard
        src="meme4.png"
      />
    </styled.div>
  </styled.div>
  <Button
    color="#979797"
    outline={true}
    rounded={true}
  >
    <styled.div>
      More
    </styled.div>
  </Button>
</styled.div>
`;
