// Jest Snapshot v1, https://goo.gl/fbAQLP

exports[`Testing the Featured page component renders without crashing 1`] = `
<styled.div>
  <styled.div>
    Make meaning. Share meaning.
  </styled.div>
  <styled.div>
    Memeing Maker
  </styled.div>
  <styled.div>
    This Week’s Featured Memes
  </styled.div>
  <Masonry>
    <MemeCard
      bottomText="New every time"
      imageUrl="https://loremflickr.com/240/320"
      topText="Randomly generated"
    />
    <MemeCard
      bottomText="A bottom text"
      imageUrl="yes.png"
      topText="A top text"
    />
    <MemeCard
      bottomText="And you know that you know"
      imageUrl="sense.jpg"
      topText="When you know"
    />
    <MemeCard
      bottomText="Duh! You have no idea. I am like the wind!"
      imageUrl="duh.jpg"
      topText="You think you know me"
    />
    <MemeCard
      bottomText="Duh! You have no idea. I am like the wind!"
      imageUrl="https://loremflickr.com/320/240"
      topText="You think you know me"
    />
    <MemeCard
      bottomText="New every time"
      imageUrl="https://loremflickr.com/240/320"
      topText="Randomly generated"
    />
    <MemeCard
      bottomText="New every time"
      imageUrl="https://loremflickr.com/240/320"
      topText="Randomly generated"
    />
  </Masonry>
  <Button
    color="#979797"
    fullWidth={false}
    outline={true}
    rounded={true}
  >
    <styled.div>
      More
    </styled.div>
  </Button>
</styled.div>
`;
