// Jest Snapshot v1, https://goo.gl/fbAQLP

exports[`Testing the Authentication component renders without crashing 1`] = `
<styled.div>
  <styled.div>
    Sign up or log in
  </styled.div>
  <styled.div>
    to create, share, & discover
  </styled.div>
  <styled.div>
     our full library of meaningful memes.
  </styled.div>
  <styled.div>
    <styled.div
      onClick={[Function]}
    >
      <ForwardRef />
    </styled.div>
    <styled.div
      onClick={[Function]}
    >
      <ForwardRef />
    </styled.div>
    <styled.div
      onClick={[Function]}
    >
      <ForwardRef />
    </styled.div>
  </styled.div>
</styled.div>
`;
