// Jest Snapshot v1, https://goo.gl/fbAQLP

exports[`Testing the Menu component renders without crashing 1`] = `
<styled.div>
  <styled.div>
    View your profile
  </styled.div>
  <styled.div>
    View rules of play
  </styled.div>
  <styled.div
    onClick={[Function]}
  >
    Login
  </styled.div>
</styled.div>
`;
