// Jest Snapshot v1, https://goo.gl/fbAQLP

exports[`Testing the SelectImage page component renders without crashing 1`] = `
<styled.div>
  <styled.div>
    <ImageIcon
      src="camera.png"
      width={50}
    />
    <styled.label
      htmlFor="image"
    >
      <ImageIcon
        src="folder.png"
        width={50}
      />
      <input
        accept="image/*"
        id="image"
        onChange={[Function]}
        type="file"
      />
    </styled.label>
    <ImageIcon
      src="gallery.png"
    />
  </styled.div>
  <styled.div />
</styled.div>
`;
