// Jest Snapshot v1, https://goo.gl/fbAQLP

exports[`Testing the Featured page component renders without crashing 1`] = `
<styled.div>
  <styled.div>
    Make meaning. Share memes.
  </styled.div>
  <styled.div>
    Example wall
  </styled.div>
  <MemeContainer
    memes={Array []}
  />
</styled.div>
`;
