// Jest Snapshot v1, https://goo.gl/fbAQLP

exports[`Testing the Root component renders without crashing 1`] = `
<Connect(ConnectedRouterWithContext)
  history={
    Object {
      "action": "POP",
      "block": [Function],
      "createHref": [Function],
      "go": [Function],
      "goBack": [Function],
      "goForward": [Function],
      "length": 1,
      "listen": [Function],
      "location": Object {
        "hash": "",
        "pathname": "/",
        "search": "",
        "state": undefined,
      },
      "push": [Function],
      "replace": [Function],
    }
  }
>
  <styled.div>
    <GlobalStyleComponent />
    <Connect(Header) />
    <Switch>
      <Route
        component={[Function]}
        exact={true}
        path="/"
      />
      <Route
        component={[Function]}
        exact={true}
        path="/login"
      />
      <Route
        component={[Function]}
        exact={true}
        path="/auth/:provider"
      />
      <Route
        component={[Function]}
      />
    </Switch>
  </styled.div>
</Connect(ConnectedRouterWithContext)>
`;
